// Vitest Snapshot v1, https://vitest.dev/guide/snapshot.html

exports[`DisastersList > matches snapshot 1`] = `
<div>
  <div
    class="background"
  >
    <div
      class="title"
    >
      Disasters
    </div>
    <button
      class="create-btn"
    >
      + Create
    </button>
    <table>
      <thead>
        <tr
          class="header"
        >
          <td>
            Name
          </td>
          <td>
            Type
          </td>
          <td>
            Date
          </td>
          <td>
            Latitude
          </td>
          <td>
            Longitude
          </td>
          <td>
            Description
          </td>
        </tr>
      </thead>
      <tbody>
        <tr>
          <td>
            Hurricane Katrina
          </td>
          <td>
            hurricane
          </td>
          <td>
            2005-08-29
          </td>
          <td />
          <td />
          <td>
            Category 5 hurricane
          </td>
          <td
            class="actions-cell"
          />
        </tr>
        <tr>
          <td>
            Tohoku Earthquake
          </td>
          <td>
            earthquake
          </td>
          <td>
            2011-03-11
          </td>
          <td />
          <td />
          <td>
            Magnitude 9.1
          </td>
          <td
            class="actions-cell"
          />
        </tr>
        <tr>
          <td>
            Indian Ocean Tsunami
          </td>
          <td>
            tsunami
          </td>
          <td>
            2004-12-26
          </td>
          <td />
          <td />
          <td>
            Devastating tsunami
          </td>
          <td
            class="actions-cell"
          />
        </tr>
      </tbody>
    </table>
  </div>
</div>
`;
