// Vitest Snapshot v1, https://vitest.dev/guide/snapshot.html

exports[`StatesList > matches snapshot 1`] = `
<div>
  <div
    class="background"
  >
    <div
      class="title"
    >
      States
    </div>
    <button
      class="create-btn"
    >
      + Create
    </button>
    <table>
      <thead>
        <tr
          class="header"
        >
          <td>
            State Name
          </td>
          <td>
            Nation Name
          </td>
        </tr>
      </thead>
      <tbody>
        <tr>
          <td>
            California
          </td>
          <td>
            USA
          </td>
          <td
            class="actions-cell"
          />
        </tr>
        <tr>
          <td>
            Texas
          </td>
          <td>
            USA
          </td>
          <td
            class="actions-cell"
          />
        </tr>
        <tr>
          <td>
            New York
          </td>
          <td>
            USA
          </td>
          <td
            class="actions-cell"
          />
        </tr>
      </tbody>
    </table>
  </div>
</div>
`;
