// Vitest Snapshot v1, https://vitest.dev/guide/snapshot.html

exports[`Home > matches snapshot 1`] = `
<div>
  <div
    class="page"
  >
    <h1
      class="map-title"
    >
      World Map
    </h1>
    <div
      data-testid="map"
    >
      <div
        data-testid="tile"
      />
      <div
        data-testid="marker"
      >
        <strong>
          Big Earthquake
        </strong>
        <br />
        2024-02-01
        <br />
        Major event
      </div>
    </div>
  </div>
</div>
`;
