// Vitest Snapshot v1, https://vitest.dev/guide/snapshot.html

exports[`Home > matches snapshot 1`] = `
<div>
  <div
    class="page"
  >
    <h1
      class="map-title"
    >
      World Map
    </h1>
    <div
      class="leaflet-container leaflet-touch leaflet-grab leaflet-touch-drag leaflet-touch-zoom"
      style="position: relative;"
      tabindex="0"
    >
      <div
        class="leaflet-pane leaflet-map-pane"
        style="left: 0px; top: 0px;"
      >
        <div
          class="leaflet-pane leaflet-tile-pane"
        >
          <div
            class="leaflet-layer "
            style="z-index: 1;"
          >
            <div
              class="leaflet-tile-container leaflet-zoom-animated"
              style="z-index: 18; left: 0px; top: 0px;"
            >
              <img
                alt=""
                class="leaflet-tile"
                src="https://b.tile.openstreetmap.org/3/4/3.png"
                style="width: 256px; height: 256px; left: -57px; top: -77px;"
              />
            </div>
          </div>
        </div>
        <div
          class="leaflet-pane leaflet-overlay-pane"
        />
        <div
          class="leaflet-pane leaflet-shadow-pane"
        />
        <div
          class="leaflet-pane leaflet-marker-pane"
        >
          <div
            class="leaflet-marker-icon custom-marker marker-red marker-large leaflet-zoom-hide leaflet-interactive"
            role="button"
            style="margin-left: -20px; margin-top: -52px; width: 40px; height: 52px; left: -478px; top: -75px; z-index: -75;"
            tabindex="0"
          >
            
            
            <div
              class="marker-pin"
            >
              
                
              <div
                class="marker-inner"
              />
              
            
            </div>
            
            
            <div
              class="marker-shadow"
            />
            
        
          </div>
          <div
            class="leaflet-marker-icon custom-marker marker-blue marker-medium leaflet-zoom-hide leaflet-interactive"
            role="button"
            style="margin-left: -16px; margin-top: -42px; width: 32px; height: 42px; left: -58px; top: -164px; z-index: -164;"
            tabindex="0"
          >
            
            
            <div
              class="marker-pin"
            >
              
                
              <div
                class="marker-inner"
              />
              
            
            </div>
            
            
            <div
              class="marker-shadow"
            />
            
        
          </div>
          <div
            class="leaflet-marker-icon custom-marker marker-purple marker-medium leaflet-zoom-hide leaflet-interactive"
            role="button"
            style="margin-left: -16px; margin-top: -42px; width: 32px; height: 42px; left: -44px; top: -140px; z-index: -140;"
            tabindex="0"
          >
            
            
            <div
              class="marker-pin"
            >
              
                
              <div
                class="marker-inner"
              />
              
            
            </div>
            
            
            <div
              class="marker-shadow"
            />
            
        
          </div>
          <div
            class="leaflet-marker-icon custom-marker marker-green marker-small leaflet-zoom-hide leaflet-interactive"
            role="button"
            style="margin-left: -12px; margin-top: -32px; width: 24px; height: 32px; left: 738px; top: -39px; z-index: -39;"
            tabindex="0"
          >
            
            
            <div
              class="marker-pin"
            >
              
                
              <div
                class="marker-inner"
              />
              
            
            </div>
            
            
            <div
              class="marker-shadow"
            />
            
        
          </div>
        </div>
        <div
          class="leaflet-pane leaflet-tooltip-pane"
        />
        <div
          class="leaflet-pane leaflet-popup-pane"
        />
      </div>
      <div
        class="leaflet-control-container"
      >
        <div
          class="leaflet-top leaflet-left"
        >
          <div
            class="leaflet-control-zoom leaflet-bar leaflet-control"
          >
            <a
              aria-disabled="false"
              aria-label="Zoom in"
              class="leaflet-control-zoom-in"
              href="#"
              role="button"
              title="Zoom in"
            >
              <span
                aria-hidden="true"
              >
                +
              </span>
            </a>
            <a
              aria-disabled="false"
              aria-label="Zoom out"
              class="leaflet-control-zoom-out"
              href="#"
              role="button"
              title="Zoom out"
            >
              <span
                aria-hidden="true"
              >
                −
              </span>
            </a>
          </div>
        </div>
        <div
          class="leaflet-top leaflet-right"
        />
        <div
          class="leaflet-bottom leaflet-left"
        />
        <div
          class="leaflet-bottom leaflet-right"
        >
          <div
            class="leaflet-control-attribution leaflet-control"
          >
            <a
              href="https://leafletjs.com"
              title="A JavaScript library for interactive maps"
            >
              <svg
                aria-hidden="true"
                class="leaflet-attribution-flag"
                height="8"
                viewBox="0 0 12 8"
                width="12"
                xmlns="http://www.w3.org/2000/svg"
              >
                <path
                  d="M0 0h12v4H0z"
                  fill="#4C7BE1"
                />
                <path
                  d="M0 4h12v3H0z"
                  fill="#FFD500"
                />
                <path
                  d="M0 7h12v1H0z"
                  fill="#E0BC00"
                />
              </svg>
               Leaflet
            </a>
             
            <span
              aria-hidden="true"
            >
              |
            </span>
             © 
            <a
              href="https://www.openstreetmap.org/copyright"
            >
              OpenStreetMap
            </a>
             contributors
          </div>
        </div>
      </div>
    </div>
  </div>
</div>
`;
