// Vitest Snapshot v1, https://vitest.dev/guide/snapshot.html

exports[`RecordList > matches snapshot 1`] = `
<div>
  <div
    class="background"
  >
    <div
      class="title"
    >
      Test
    </div>
    <table>
      <thead>
        <tr
          class="header"
        >
          <th
            aria-sort="none"
            scope="col"
          >
            <button
              aria-label="Sort by State Name"
              class="sort-btn"
              type="button"
            >
              State Name
            </button>
          </th>
          <th
            aria-sort="none"
            scope="col"
          >
            <button
              aria-label="Sort by Nation Name"
              class="sort-btn"
              type="button"
            >
              Nation Name
            </button>
          </th>
        </tr>
      </thead>
      <tbody>
        <tr>
          <td>
            California
          </td>
          <td>
            USA
          </td>
          <td
            class="actions-cell"
          />
        </tr>
        <tr>
          <td>
            Texas
          </td>
          <td>
            USA
          </td>
          <td
            class="actions-cell"
          />
        </tr>
        <tr>
          <td>
            New York
          </td>
          <td>
            USA
          </td>
          <td
            class="actions-cell"
          />
        </tr>
      </tbody>
    </table>
  </div>
</div>
`;
