// Vitest Snapshot v1, https://vitest.dev/guide/snapshot.html

exports[`UpsertForm > matches snapshot 1`] = `
<div>
  <div
    class="upsert-form-overlay"
  >
    <form
      class="form-card"
    >
      <h2>
        Test
      </h2>
      <div
        class="form-field"
      >
        <label
          for="first"
        >
          First
        </label>
        <input
          type="text"
          value="One"
        />
      </div>
      <div
        class="form-field"
      >
        <label
          for="second"
        >
          Second
        </label>
        <input
          type="text"
          value="Two"
        />
      </div>
      <div
        class="form-field"
      >
        <label
          for="third"
        >
          Third
        </label>
        <input
          type="text"
          value="Three"
        />
      </div>
      <div
        class="form-actions"
      >
        <button
          type="button"
        >
          Cancel
        </button>
        <button
          type="submit"
        >
          Save
        </button>
      </div>
    </form>
  </div>
</div>
`;
