// Vitest Snapshot v1, https://vitest.dev/guide/snapshot.html

exports[`Table > matches snapshot 1`] = `
<div>
  <table>
    <thead>
      <tr
        class="header"
      >
        <th
          aria-sort="none"
          scope="col"
        >
          <button
            aria-label="Sort by First"
            class="sort-btn"
            type="button"
          >
            First
          </button>
        </th>
        <th
          aria-sort="none"
          scope="col"
        >
          <button
            aria-label="Sort by Second"
            class="sort-btn"
            type="button"
          >
            Second
          </button>
        </th>
        <th
          aria-sort="none"
          scope="col"
        >
          <button
            aria-label="Sort by Third"
            class="sort-btn"
            type="button"
          >
            Third
          </button>
        </th>
      </tr>
    </thead>
    <tbody>
      <tr>
        <td>
          One
        </td>
        <td>
          Two
        </td>
        <td>
          Three
        </td>
        <td
          class="actions-cell"
        />
      </tr>
      <tr>
        <td>
          Four
        </td>
        <td>
          Five
        </td>
        <td>
          Six
        </td>
        <td
          class="actions-cell"
        />
      </tr>
    </tbody>
  </table>
</div>
`;
